../Libraries/littlefs/bd/lfs_emubd.c:32:27:lfs_emubd_incblock	16	static
../Libraries/littlefs/bd/lfs_emubd.c:39:13:lfs_emubd_decblock	16	static
../Libraries/littlefs/bd/lfs_emubd.c:48:27:lfs_emubd_mutblock	32	static
../Libraries/littlefs/bd/lfs_emubd.c:97:5:lfs_emubd_create	48	static
../Libraries/littlefs/bd/lfs_emubd.c:189:5:lfs_emubd_destroy	24	static
../Libraries/littlefs/bd/lfs_emubd.c:216:12:lfs_emubd_powerloss	48	static
../Libraries/littlefs/bd/lfs_emubd.c:287:5:lfs_emubd_read	72	static
../Libraries/littlefs/bd/lfs_emubd.c:337:5:lfs_emubd_prog	96	static
../Libraries/littlefs/bd/lfs_emubd.c:431:5:lfs_emubd_erase	80	static
../Libraries/littlefs/bd/lfs_emubd.c:527:5:lfs_emubd_sync	24	static
../Libraries/littlefs/bd/lfs_emubd.c:546:12:lfs_emubd_crc_	48	static
../Libraries/littlefs/bd/lfs_emubd.c:571:5:lfs_emubd_crc	32	static
../Libraries/littlefs/bd/lfs_emubd.c:580:5:lfs_emubd_bdcrc	32	static
../Libraries/littlefs/bd/lfs_emubd.c:600:17:lfs_emubd_readed	24	static
../Libraries/littlefs/bd/lfs_emubd.c:607:17:lfs_emubd_proged	24	static
../Libraries/littlefs/bd/lfs_emubd.c:614:17:lfs_emubd_erased	24	static
../Libraries/littlefs/bd/lfs_emubd.c:621:5:lfs_emubd_setreaded	32	static
../Libraries/littlefs/bd/lfs_emubd.c:629:5:lfs_emubd_setproged	32	static
../Libraries/littlefs/bd/lfs_emubd.c:637:5:lfs_emubd_seterased	32	static
../Libraries/littlefs/bd/lfs_emubd.c:645:19:lfs_emubd_wear	32	static
../Libraries/littlefs/bd/lfs_emubd.c:666:5:lfs_emubd_setwear	32	static
../Libraries/littlefs/bd/lfs_emubd.c:687:26:lfs_emubd_powercycles	24	static
../Libraries/littlefs/bd/lfs_emubd.c:696:5:lfs_emubd_setpowercycles	24	static
../Libraries/littlefs/bd/lfs_emubd.c:708:5:lfs_emubd_copy	32	static
