../Middlewares/Third_Party/lwIP_Network_lwIP/lwip/src/api/sockets.c:359:1:lwip_socket_thread_init	8	static
../Middlewares/Third_Party/lwIP_Network_lwIP/lwip/src/api/sockets.c:366:1:lwip_socket_thread_cleanup	8	static
../Middlewares/Third_Party/lwIP_Network_lwIP/lwip/src/api/sockets.c:374:1:sock_inc_used	24	static
../Middlewares/Third_Party/lwIP_Network_lwIP/lwip/src/api/sockets.c:396:1:sock_inc_used_locked	16	static
../Middlewares/Third_Party/lwIP_Network_lwIP/lwip/src/api/sockets.c:416:1:done_socket	40	static
../Middlewares/Third_Party/lwIP_Network_lwIP/lwip/src/api/sockets.c:450:1:tryget_socket_unconn_nouse	24	static
../Middlewares/Third_Party/lwIP_Network_lwIP/lwip/src/api/sockets.c:461:1:lwip_socket_dbg_get_socket	16	static
../Middlewares/Third_Party/lwIP_Network_lwIP/lwip/src/api/sockets.c:468:1:tryget_socket_unconn	24	static
../Middlewares/Third_Party/lwIP_Network_lwIP/lwip/src/api/sockets.c:481:1:tryget_socket_unconn_locked	24	static
../Middlewares/Third_Party/lwIP_Network_lwIP/lwip/src/api/sockets.c:499:1:tryget_socket	24	static
../Middlewares/Third_Party/lwIP_Network_lwIP/lwip/src/api/sockets.c:518:1:get_socket	24	static
../Middlewares/Third_Party/lwIP_Network_lwIP/lwip/src/api/sockets.c:540:1:alloc_socket	24	static
../Middlewares/Third_Party/lwIP_Network_lwIP/lwip/src/api/sockets.c:587:1:free_socket_locked	24	static
../Middlewares/Third_Party/lwIP_Network_lwIP/lwip/src/api/sockets.c:611:1:free_socket_free_elements	24	static
../Middlewares/Third_Party/lwIP_Network_lwIP/lwip/src/api/sockets.c:633:1:free_socket	32	static
../Middlewares/Third_Party/lwIP_Network_lwIP/lwip/src/api/sockets.c:659:1:accept	88	static
../Middlewares/Third_Party/lwIP_Network_lwIP/lwip/src/api/sockets.c:756:1:bind	56	static
../Middlewares/Third_Party/lwIP_Network_lwIP/lwip/src/api/sockets.c:810:1:closesocket	40	static
../Middlewares/Third_Party/lwIP_Network_lwIP/lwip/src/api/sockets.c:851:1:connect	56	static
../Middlewares/Third_Party/lwIP_Network_lwIP/lwip/src/api/sockets.c:919:1:listen	32	static
../Middlewares/Third_Party/lwIP_Network_lwIP/lwip/src/api/sockets.c:958:1:lwip_recv_tcp	56	static
../Middlewares/Third_Party/lwIP_Network_lwIP/lwip/src/api/sockets.c:1061:1:lwip_sock_make_addr	56	static
../Middlewares/Third_Party/lwIP_Network_lwIP/lwip/src/api/sockets.c:1094:1:lwip_recv_tcp_from	40	static
../Middlewares/Third_Party/lwIP_Network_lwIP/lwip/src/api/sockets.c:1126:1:lwip_recvfrom_udp_raw	72	static
../Middlewares/Third_Party/lwIP_Network_lwIP/lwip/src/api/sockets.c:1237:1:recvfrom	96	static
../Middlewares/Third_Party/lwIP_Network_lwIP/lwip/src/api/sockets.c:1290:1:lwip_read	32	static
../Middlewares/Third_Party/lwIP_Network_lwIP/lwip/src/api/sockets.c:1296:1:lwip_readv	56	static
../Middlewares/Third_Party/lwIP_Network_lwIP/lwip/src/api/sockets.c:1313:1:recv	32	static
../Middlewares/Third_Party/lwIP_Network_lwIP/lwip/src/api/sockets.c:1319:1:recvmsg	72	static
../Middlewares/Third_Party/lwIP_Network_lwIP/lwip/src/api/sockets.c:1420:1:send	56	static
../Middlewares/Third_Party/lwIP_Network_lwIP/lwip/src/api/sockets.c:1460:1:sendmsg	96	static
../Middlewares/Third_Party/lwIP_Network_lwIP/lwip/src/api/sockets.c:1623:1:sendto	80	static
../Middlewares/Third_Party/lwIP_Network_lwIP/lwip/src/api/sockets.c:1723:1:socket	32	static
../Middlewares/Third_Party/lwIP_Network_lwIP/lwip/src/api/sockets.c:1784:1:lwip_write	24	static
../Middlewares/Third_Party/lwIP_Network_lwIP/lwip/src/api/sockets.c:1790:1:lwip_writev	56	static
../Middlewares/Third_Party/lwIP_Network_lwIP/lwip/src/api/sockets.c:1809:1:lwip_link_select_cb	16	static
../Middlewares/Third_Party/lwIP_Network_lwIP/lwip/src/api/sockets.c:1833:1:lwip_unlink_select_cb	16	static
../Middlewares/Third_Party/lwIP_Network_lwIP/lwip/src/api/sockets.c:1873:1:lwip_selscan	104	static
../Middlewares/Third_Party/lwIP_Network_lwIP/lwip/src/api/sockets.c:1945:1:lwip_select_inc_sockets_used_set	40	static
../Middlewares/Third_Party/lwIP_Network_lwIP/lwip/src/api/sockets.c:1972:1:lwip_select_inc_sockets_used	32	static
../Middlewares/Third_Party/lwIP_Network_lwIP/lwip/src/api/sockets.c:1982:1:lwip_select_dec_sockets_used	24	static
C:\ST\STM32CubeIDE_1.16.0\STM32CubeIDE\plugins\com.st.stm32cube.ide.mcu.externaltools.gnu-tools-for-stm32.12.3.rel1.win32_1.1.0.202410251130\tools\bin/../lib/gcc/arm-none-eabi/12.3.1/../../../../arm-none-eabi/include/sys/select.h:80:5:select	152	static
../Middlewares/Third_Party/lwIP_Network_lwIP/lwip/src/api/sockets.c:2238:1:lwip_pollscan	56	static
../Middlewares/Third_Party/lwIP_Network_lwIP/lwip/src/api/sockets.c:2329:1:lwip_poll_inc_sockets_used	24	static
../Middlewares/Third_Party/lwIP_Network_lwIP/lwip/src/api/sockets.c:2344:1:lwip_poll_dec_sockets_used	24	static
../Middlewares/Third_Party/lwIP_Network_lwIP/lwip/src/api/sockets.c:2364:1:poll	88	static
../Middlewares/Third_Party/lwIP_Network_lwIP/lwip/src/api/sockets.c:2483:1:lwip_poll_should_wake	32	static
../Middlewares/Third_Party/lwIP_Network_lwIP/lwip/src/api/sockets.c:2522:1:event_callback	48	static
../Middlewares/Third_Party/lwIP_Network_lwIP/lwip/src/api/sockets.c:2621:13:select_check_waiters	40	static
../Middlewares/Third_Party/lwIP_Network_lwIP/lwip/src/api/sockets.c:2700:1:shutdown	40	static
../Middlewares/Third_Party/lwIP_Network_lwIP/lwip/src/api/sockets.c:2745:1:lwip_getaddrname	64	static
../Middlewares/Third_Party/lwIP_Network_lwIP/lwip/src/api/sockets.c:2792:1:getpeername	24	static
../Middlewares/Third_Party/lwIP_Network_lwIP/lwip/src/api/sockets.c:2798:1:getsockname	24	static
../Middlewares/Third_Party/lwIP_Network_lwIP/lwip/src/api/sockets.c:2804:1:getsockopt	40	static
../Middlewares/Third_Party/lwIP_Network_lwIP/lwip/src/api/sockets.c:2904:1:lwip_sockopt_to_ipopt	16	static
../Middlewares/Third_Party/lwIP_Network_lwIP/lwip/src/api/sockets.c:2927:1:lwip_getsockopt_impl	32	static
../Middlewares/Third_Party/lwIP_Network_lwIP/lwip/src/api/sockets.c:3250:1:setsockopt	40	static
../Middlewares/Third_Party/lwIP_Network_lwIP/lwip/src/api/sockets.c:3348:1:lwip_setsockopt_impl	48	static
../Middlewares/Third_Party/lwIP_Network_lwIP/lwip/src/api/sockets.c:3788:1:ioctlsocket	32	static
../Middlewares/Third_Party/lwIP_Network_lwIP/lwip/src/api/sockets.c:3881:1:lwip_fcntl	40	static
../Middlewares/Third_Party/lwIP_Network_lwIP/lwip/src/api/sockets.c:3964:1:inet_ntop	32	static
../Middlewares/Third_Party/lwIP_Network_lwIP/lwip/src/api/sockets.c:3997:1:inet_pton	32	static
