../Common/kvstore/kvstore.c:46:15:xReadEntryOrDefault	48	static
../Common/kvstore/kvstore.c:114:6:KVStore_init	8	static
../Common/kvstore/kvstore.c:134:12:KVStore_setBlob	32	static
../Common/kvstore/kvstore.c:146:12:KVStore_setString	24	static
../Common/kvstore/kvstore.c:158:12:KVStore_setUInt32	24	static
../Common/kvstore/kvstore.c:170:12:KVStore_setInt32	24	static
../Common/kvstore/kvstore.c:182:12:KVStore_setUBase	24	static
../Common/kvstore/kvstore.c:194:12:KVStore_setBase	24	static
../Common/kvstore/kvstore.c:206:8:KVStore_getSize	24	static
../Common/kvstore/kvstore.c:254:8:KVStore_getBlob	32	static
../Common/kvstore/kvstore.c:270:7:KVStore_getBlobHeap	32	static
../Common/kvstore/kvstore.c:303:20:KVStore_getType	24	static
../Common/kvstore/kvstore.c:315:8:KVStore_getString	32	static
../Common/kvstore/kvstore.c:340:7:KVStore_getStringHeap	32	static
../Common/kvstore/kvstore.c:373:10:KVStore_getUInt32	24	static
../Common/kvstore/kvstore.c:396:9:KVStore_getInt32	24	static
../Common/kvstore/kvstore.c:419:12:KVStore_getBase	24	static
../Common/kvstore/kvstore.c:442:13:KVStore_getUBase	24	static
../Common/kvstore/kvstore.c:465:13:kvKeyToString	24	static
../Common/kvstore/kvstore.c:477:14:kvStringToKey	24	static
