../Common/net/lwip_port/src/sys_arch.c:75:7:sys_mbox_new	32	static
../Common/net/lwip_port/src/sys_arch.c:107:6:sys_mbox_free	32	static
../Common/net/lwip_port/src/sys_arch.c:154:6:sys_mbox_post	16	static
../Common/net/lwip_port/src/sys_arch.c:175:7:sys_mbox_trypost	24	static
../Common/net/lwip_port/src/sys_arch.c:204:7:sys_mbox_trypost_fromisr	24	static
../Common/net/lwip_port/src/sys_arch.c:240:7:sys_arch_mbox_fetch	48	static
../Common/net/lwip_port/src/sys_arch.c:329:7:sys_arch_mbox_tryfetch	32	static
../Common/net/lwip_port/src/sys_arch.c:376:7:sys_sem_new	24	static
../Common/net/lwip_port/src/sys_arch.c:424:7:sys_arch_sem_wait	32	static
../Common/net/lwip_port/src/sys_arch.c:468:7:sys_mutex_new	24	static
../Common/net/lwip_port/src/sys_arch.c:489:6:sys_mutex_lock	16	static
../Common/net/lwip_port/src/sys_arch.c:498:6:sys_mutex_unlock	16	static
../Common/net/lwip_port/src/sys_arch.c:506:6:sys_mutex_free	16	static
../Common/net/lwip_port/src/sys_arch.c:521:6:sys_sem_signal	24	static
../Common/net/lwip_port/src/sys_arch.c:543:6:sys_sem_free	16	static
../Common/net/lwip_port/src/sys_arch.c:555:6:sys_init	8	static
../Common/net/lwip_port/src/sys_arch.c:561:7:sys_now	8	static
../Common/net/lwip_port/src/sys_arch.c:584:14:sys_thread_new	48	static
../Common/net/lwip_port/src/sys_arch.c:619:21:sys_arch_netconn_sem_get	24	static
../Common/net/lwip_port/src/sys_arch.c:669:12:sys_arch_protect	8	static
../Common/net/lwip_port/src/sys_arch.c:690:6:sys_arch_unprotect	16	static
../Common/net/lwip_port/src/sys_arch.c:703:6:sys_assert	24	static
../Common/net/lwip_port/src/sys_arch.c:717:13:uxRand	16	static
