../Common/cli/cli_uart_drv.c:69:22:vInitUartEarly	4	static
../Common/cli/cli_uart_drv.c:74:12:xInitConsoleUart	24	static
../Common/cli/cli_uart_drv.c:139:13:rxErrorCallback	32	static
../Common/cli/cli_uart_drv.c:152:13:rxEventCallback	40	static
../Common/cli/cli_uart_drv.c:202:13:vRxThread	40	static
../Common/cli/cli_uart_drv.c:243:13:txCompleteCallback	24	static
../Common/cli/cli_uart_drv.c:253:13:vTxThread	88	static
../Common/cli/cli_uart_drv.c:335:13:uart_write	24	static
../Common/cli/cli_uart_drv.c:358:16:uart_read	24	static
../Common/cli/cli_uart_drv.c:376:16:uart_read_timeout	32	static
../Common/cli/cli_uart_drv.c:394:13:uart_print	24	static
../Common/cli/cli_uart_drv.c:403:16:uart_readline	24	static
../Common/cli/cli_uart_drv.c:514:13:uart_lock	8	static
../Common/cli/cli_uart_drv.c:519:13:uart_unlock	8	static
