C:/Users/stred/OneDrive/Documents/Projects/QC/st67_echo/Libraries/fs/lfs_config.h:81:24:lfs_max	16	static
C:/Users/stred/OneDrive/Documents/Projects/QC/st67_echo/Libraries/fs/lfs_config.h:87:24:lfs_min	16	static
C:/Users/stred/OneDrive/Documents/Projects/QC/st67_echo/Libraries/fs/lfs_config.h:94:24:lfs_aligndown	16	static
C:/Users/stred/OneDrive/Documents/Projects/QC/st67_echo/Libraries/fs/lfs_config.h:100:24:lfs_alignup	16	static
C:/Users/stred/OneDrive/Documents/Projects/QC/st67_echo/Libraries/fs/lfs_config.h:107:24:lfs_npw2	16	static
C:/Users/stred/OneDrive/Documents/Projects/QC/st67_echo/Libraries/fs/lfs_config.h:133:24:lfs_ctz	16	static
C:/Users/stred/OneDrive/Documents/Projects/QC/st67_echo/Libraries/fs/lfs_config.h:143:24:lfs_popc	16	static
C:/Users/stred/OneDrive/Documents/Projects/QC/st67_echo/Libraries/fs/lfs_config.h:156:19:lfs_scmp	16	static
C:/Users/stred/OneDrive/Documents/Projects/QC/st67_echo/Libraries/fs/lfs_config.h:163:24:lfs_fromle32	16	static
C:/Users/stred/OneDrive/Documents/Projects/QC/st67_echo/Libraries/fs/lfs_config.h:183:24:lfs_tole32	16	static
C:/Users/stred/OneDrive/Documents/Projects/QC/st67_echo/Libraries/fs/lfs_config.h:189:24:lfs_frombe32	16	static
C:/Users/stred/OneDrive/Documents/Projects/QC/st67_echo/Libraries/fs/lfs_config.h:209:24:lfs_tobe32	16	static
C:/Users/stred/OneDrive/Documents/Projects/QC/st67_echo/Libraries/fs/lfs_config.h:223:22:lfs_malloc	16	static
C:/Users/stred/OneDrive/Documents/Projects/QC/st67_echo/Libraries/fs/lfs_config.h:233:20:lfs_free	16	static
../Libraries/littlefs/lfs.c:31:20:lfs_cache_drop	16	static
../Libraries/littlefs/lfs.c:38:20:lfs_cache_zero	16	static
../Libraries/littlefs/lfs.c:44:12:lfs_bd_read	56	static
../Libraries/littlefs/lfs.c:127:12:lfs_bd_cmp	72	static
../Libraries/littlefs/lfs.c:154:12:lfs_bd_crc	64	static
../Libraries/littlefs/lfs.c:176:12:lfs_bd_flush	64	static
../Libraries/littlefs/lfs.c:211:12:lfs_bd_sync	32	static
../Libraries/littlefs/lfs.c:227:12:lfs_bd_prog	40	static
../Libraries/littlefs/lfs.c:275:12:lfs_bd_erase	24	static
../Libraries/littlefs/lfs.c:287:26:lfs_path_namelen	16	static
../Libraries/littlefs/lfs.c:291:20:lfs_path_islast	24	static
../Libraries/littlefs/lfs.c:296:20:lfs_path_isdir	16	static
../Libraries/littlefs/lfs.c:301:20:lfs_pair_swap	24	static
../Libraries/littlefs/lfs.c:307:20:lfs_pair_isnull	16	static
../Libraries/littlefs/lfs.c:311:19:lfs_pair_cmp	16	static
../Libraries/littlefs/lfs.c:318:20:lfs_pair_issync	16	static
../Libraries/littlefs/lfs.c:325:20:lfs_pair_fromle32	24	static
../Libraries/littlefs/lfs.c:331:20:lfs_pair_tole32	24	static
../Libraries/littlefs/lfs.c:350:20:lfs_tag_isvalid	16	static
../Libraries/littlefs/lfs.c:354:20:lfs_tag_isdelete	16	static
../Libraries/littlefs/lfs.c:358:24:lfs_tag_type1	16	static
../Libraries/littlefs/lfs.c:362:24:lfs_tag_type2	16	static
../Libraries/littlefs/lfs.c:366:24:lfs_tag_type3	16	static
../Libraries/littlefs/lfs.c:370:23:lfs_tag_chunk	16	static
../Libraries/littlefs/lfs.c:374:22:lfs_tag_splice	16	static
../Libraries/littlefs/lfs.c:378:24:lfs_tag_id	16	static
../Libraries/littlefs/lfs.c:382:26:lfs_tag_size	16	static
../Libraries/littlefs/lfs.c:386:26:lfs_tag_dsize	16	static
../Libraries/littlefs/lfs.c:406:20:lfs_gstate_xor	24	static
../Libraries/littlefs/lfs.c:412:20:lfs_gstate_iszero	24	static
../Libraries/littlefs/lfs.c:422:20:lfs_gstate_hasorphans	16	static
../Libraries/littlefs/lfs.c:426:23:lfs_gstate_getorphans	16	static
../Libraries/littlefs/lfs.c:430:20:lfs_gstate_hasmove	16	static
../Libraries/littlefs/lfs.c:435:20:lfs_gstate_needssuperblock	16	static
../Libraries/littlefs/lfs.c:439:20:lfs_gstate_hasmovehere	16	static
../Libraries/littlefs/lfs.c:444:20:lfs_gstate_fromle32	16	static
../Libraries/littlefs/lfs.c:451:20:lfs_gstate_tole32	16	static
../Libraries/littlefs/lfs.c:464:13:lfs_fcrc_fromle32	16	static
../Libraries/littlefs/lfs.c:470:13:lfs_fcrc_tole32	16	static
../Libraries/littlefs/lfs.c:477:13:lfs_ctz_fromle32	16	static
../Libraries/littlefs/lfs.c:483:13:lfs_ctz_tole32	16	static
../Libraries/littlefs/lfs.c:489:20:lfs_superblock_fromle32	16	static
../Libraries/littlefs/lfs.c:499:20:lfs_superblock_tole32	16	static
../Libraries/littlefs/lfs.c:510:13:lfs_mlist_isopen	24	static
../Libraries/littlefs/lfs.c:522:13:lfs_mlist_remove	24	static
../Libraries/littlefs/lfs.c:531:13:lfs_mlist_append	16	static
../Libraries/littlefs/lfs.c:537:17:lfs_fs_disk_version	16	static
../Libraries/littlefs/lfs.c:549:17:lfs_fs_disk_version_major	16	static
../Libraries/littlefs/lfs.c:554:17:lfs_fs_disk_version_minor	16	static
../Libraries/littlefs/lfs.c:616:13:lfs_alloc_ckpoint	16	static
../Libraries/littlefs/lfs.c:622:13:lfs_alloc_drop	16	static
../Libraries/littlefs/lfs.c:629:12:lfs_alloc_lookahead	24	static
../Libraries/littlefs/lfs.c:643:12:lfs_alloc_scan	24	static
../Libraries/littlefs/lfs.c:668:12:lfs_alloc	32	static
../Libraries/littlefs/lfs.c:721:19:lfs_dir_getslice	72	static
../Libraries/littlefs/lfs.c:786:19:lfs_dir_get	40	static
../Libraries/littlefs/lfs.c:793:12:lfs_dir_getread	56	static
../Libraries/littlefs/lfs.c:855:12:lfs_dir_traverse_filter	40	static
../Libraries/littlefs/lfs.c:915:12:lfs_dir_traverse	272	static
../Libraries/littlefs/lfs.c:1110:19:lfs_dir_fetchmatch	168	static
../Libraries/littlefs/lfs.c:1389:12:lfs_dir_fetch	40	static
../Libraries/littlefs/lfs.c:1397:12:lfs_dir_getgstate	48	static
../Libraries/littlefs/lfs.c:1415:12:lfs_dir_getinfo	48	static
../Libraries/littlefs/lfs.c:1455:12:lfs_dir_find_match	72	static
../Libraries/littlefs/lfs.c:1485:19:lfs_dir_find	80	static
../Libraries/littlefs/lfs.c:1606:12:lfs_dir_commitprog	56	static
../Libraries/littlefs/lfs.c:1623:12:lfs_dir_commitattr	72	static
../Libraries/littlefs/lfs.c:1671:12:lfs_dir_commitcrc	104	static
../Libraries/littlefs/lfs.c:1817:12:lfs_dir_alloc	48	static
../Libraries/littlefs/lfs.c:1861:12:lfs_dir_drop	48	static
../Libraries/littlefs/lfs.c:1882:12:lfs_dir_split	80	static
../Libraries/littlefs/lfs.c:1917:12:lfs_dir_commit_size	32	static
../Libraries/littlefs/lfs.c:1934:12:lfs_dir_commit_commit	32	static
../Libraries/littlefs/lfs.c:1941:13:lfs_dir_needsrelocation	16	static
../Libraries/littlefs/lfs.c:1954:12:lfs_dir_compact	152	static
../Libraries/littlefs/lfs.c:2127:12:lfs_dir_splittingcompact	112	static
../Libraries/littlefs/lfs.c:2236:12:lfs_dir_relocatingcommit	168	static
../Libraries/littlefs/lfs.c:2409:12:lfs_dir_orphaningcommit	248	static
../Libraries/littlefs/lfs.c:2602:12:lfs_dir_commit	32	static
../Libraries/littlefs/lfs.c:2626:12:lfs_mkdir_	240	static
../Libraries/littlefs/lfs.c:2722:12:lfs_dir_open_	64	static
../Libraries/littlefs/lfs.c:2766:12:lfs_dir_close_	16	static
../Libraries/littlefs/lfs.c:2773:12:lfs_dir_read_	32	static
../Libraries/littlefs/lfs.c:2818:12:lfs_dir_seek_	32	static
../Libraries/littlefs/lfs.c:2855:19:lfs_dir_tell_	16	static
../Libraries/littlefs/lfs.c:2860:12:lfs_dir_rewind_	24	static
../Libraries/littlefs/lfs.c:2874:12:lfs_ctz_index	40	static
../Libraries/littlefs/lfs.c:2887:12:lfs_ctz_find	72	static
../Libraries/littlefs/lfs.c:2922:12:lfs_ctz_extend	80	static
../Libraries/littlefs/lfs.c:3021:12:lfs_ctz_traverse	72	static
../Libraries/littlefs/lfs.c:3066:12:lfs_file_opencfg_	120	static
../Libraries/littlefs/lfs.c:3239:12:lfs_file_open_	40	static
../Libraries/littlefs/lfs.c:3247:12:lfs_file_close_	24	static
../Libraries/littlefs/lfs.c:3267:12:lfs_file_relocate	64	static
../Libraries/littlefs/lfs.c:3338:12:lfs_file_outline	24	static
../Libraries/littlefs/lfs.c:3351:12:lfs_file_flush	128	static
../Libraries/littlefs/lfs.c:3432:12:lfs_file_sync_	72	static
../Libraries/littlefs/lfs.c:3493:20:lfs_file_flushedread	80	static
../Libraries/littlefs/lfs.c:3554:20:lfs_file_read_	32	static
../Libraries/littlefs/lfs.c:3573:20:lfs_file_flushedwrite	80	static
../Libraries/littlefs/lfs.c:3657:20:lfs_file_write_	48	static
../Libraries/littlefs/lfs.c:3701:19:lfs_file_seek_	48	static
../Libraries/littlefs/lfs.c:3754:12:lfs_file_truncate_	80	static
../Libraries/littlefs/lfs.c:3836:19:lfs_file_tell_	16	static
../Libraries/littlefs/lfs.c:3841:12:lfs_file_rewind_	24	static
../Libraries/littlefs/lfs.c:3850:19:lfs_file_size_	16	static
../Libraries/littlefs/lfs.c:3864:12:lfs_stat_	64	static
../Libraries/littlefs/lfs.c:3881:12:lfs_remove_	136	static
../Libraries/littlefs/lfs.c:3960:12:lfs_rename_	280	static
../Libraries/littlefs/lfs.c:4104:20:lfs_getattr_	88	static
../Libraries/littlefs/lfs.c:4138:12:lfs_commitattr	88	static
../Libraries/littlefs/lfs.c:4162:12:lfs_setattr_	32	static
../Libraries/littlefs/lfs.c:4173:12:lfs_removeattr_	32	static
../Libraries/littlefs/lfs.c:4195:12:lfs_init	64	static
../Libraries/littlefs/lfs.c:4368:12:lfs_deinit	16	static
../Libraries/littlefs/lfs.c:4388:12:lfs_format_	136	static
../Libraries/littlefs/lfs.c:4461:12:lfs_tortoise_detectcycles	16	static
../Libraries/littlefs/lfs.c:4479:12:lfs_mount_	160	static
../Libraries/littlefs/lfs.c:4644:12:lfs_unmount_	16	static
../Libraries/littlefs/lfs.c:4650:12:lfs_fs_stat_	88	static
../Libraries/littlefs/lfs.c:4690:5:lfs_fs_traverse_	144	static
../Libraries/littlefs/lfs.c:4793:12:lfs_fs_pred	56	static
../Libraries/littlefs/lfs.c:4832:12:lfs_fs_parent_match	72	static
../Libraries/littlefs/lfs.c:4853:19:lfs_fs_parent	88	static
../Libraries/littlefs/lfs.c:4885:13:lfs_fs_prepsuperblock	16	static
../Libraries/littlefs/lfs.c:4891:12:lfs_fs_preporphans	24	static
../Libraries/littlefs/lfs.c:4903:13:lfs_fs_prepmove	24	static
../Libraries/littlefs/lfs.c:4913:12:lfs_fs_desuperblock	96	static
../Libraries/littlefs/lfs.c:4952:12:lfs_fs_demove	72	static
../Libraries/littlefs/lfs.c:4988:12:lfs_fs_deorphan	208	static
../Libraries/littlefs/lfs.c:5119:12:lfs_fs_forceconsistency	24	static
../Libraries/littlefs/lfs.c:5140:12:lfs_fs_mkconsistent_	64	static
../Libraries/littlefs/lfs.c:5169:12:lfs_fs_size_count	24	static
../Libraries/littlefs/lfs.c:5176:20:lfs_fs_size_	24	static
../Libraries/littlefs/lfs.c:5188:12:lfs_fs_gc_	56	static
../Libraries/littlefs/lfs.c:5238:12:lfs_fs_grow_	104	static
../Libraries/littlefs/lfs.c:5942:5:lfs_format	24	static
../Libraries/littlefs/lfs.c:5972:5:lfs_mount	24	static
../Libraries/littlefs/lfs.c:6001:5:lfs_unmount	24	static
../Libraries/littlefs/lfs.c:6016:5:lfs_remove	24	static
../Libraries/littlefs/lfs.c:6032:5:lfs_rename	32	static
../Libraries/littlefs/lfs.c:6047:5:lfs_stat	32	static
../Libraries/littlefs/lfs.c:6061:13:lfs_getattr	40	static
../Libraries/littlefs/lfs.c:6078:5:lfs_setattr	40	static
../Libraries/littlefs/lfs.c:6096:5:lfs_removeattr	32	static
../Libraries/littlefs/lfs.c:6112:5:lfs_file_open	32	static
../Libraries/littlefs/lfs.c:6129:5:lfs_file_opencfg	40	static
../Libraries/littlefs/lfs.c:6149:5:lfs_file_close	24	static
../Libraries/littlefs/lfs.c:6165:5:lfs_file_sync	24	static
../Libraries/littlefs/lfs.c:6181:13:lfs_file_read	32	static
../Libraries/littlefs/lfs.c:6199:13:lfs_file_write	32	static
../Libraries/littlefs/lfs.c:6217:12:lfs_file_seek	32	static
../Libraries/littlefs/lfs.c:6235:5:lfs_file_truncate	32	static
../Libraries/littlefs/lfs.c:6252:12:lfs_file_tell	24	static
../Libraries/littlefs/lfs.c:6267:5:lfs_file_rewind	24	static
../Libraries/littlefs/lfs.c:6281:12:lfs_file_size	24	static
../Libraries/littlefs/lfs.c:6297:5:lfs_mkdir	24	static
../Libraries/littlefs/lfs.c:6312:5:lfs_dir_open	32	static
../Libraries/littlefs/lfs.c:6327:5:lfs_dir_close	24	static
../Libraries/littlefs/lfs.c:6341:5:lfs_dir_read	32	static
../Libraries/littlefs/lfs.c:6356:5:lfs_dir_seek	32	static
../Libraries/littlefs/lfs.c:6371:12:lfs_dir_tell	24	static
../Libraries/littlefs/lfs.c:6385:5:lfs_dir_rewind	24	static
../Libraries/littlefs/lfs.c:6399:5:lfs_fs_stat	24	static
../Libraries/littlefs/lfs.c:6413:13:lfs_fs_size	24	static
../Libraries/littlefs/lfs.c:6427:5:lfs_fs_traverse	32	static
../Libraries/littlefs/lfs.c:6443:5:lfs_fs_mkconsistent	24	static
../Libraries/littlefs/lfs.c:6459:5:lfs_fs_gc	24	static
../Libraries/littlefs/lfs.c:6475:5:lfs_fs_grow	24	static
