../Src/main.c:83:5:main	8	static
../Src/main.c:147:6:SystemClock_Config	128	static
../Src/main.c:202:13:SystemPower_Config	8	static
../Src/main.c:221:13:MX_DCACHE1_Init	8	static
../Src/main.c:248:13:MX_ICACHE_Init	8	static
../Src/main.c:280:13:MX_RNG_Init	8	static
../Src/main.c:307:13:MX_SPI1_Init	24	static
../Src/main.c:364:13:MX_TIM5_Init	40	static
../Src/main.c:409:13:MX_USART1_UART_Init	8	static
../Src/main.c:457:13:MX_GPIO_Init	48	static
../Src/main.c:538:6:Error_Handler	4	static,ignoring_inline_asm
