../Src/stm32u5xx_it.c:56:44:prvGetRegistersFromStack	48	static,ignoring_inline_asm
../Src/stm32u5xx_it.c:105:6:NMI_Handler	4	static,ignoring_inline_asm
../Src/stm32u5xx_it.c:121:6:HardFault_Handler	4	static,ignoring_inline_asm
../Src/stm32u5xx_it.c:146:6:MemManage_Handler	4	static,ignoring_inline_asm
../Src/stm32u5xx_it.c:162:6:BusFault_Handler	4	static,ignoring_inline_asm
../Src/stm32u5xx_it.c:178:6:UsageFault_Handler	4	static,ignoring_inline_asm
../Src/stm32u5xx_it.c:194:6:DebugMon_Handler	4	static,ignoring_inline_asm
../Src/stm32u5xx_it.c:214:6:USART1_IRQHandler	8	static
../Src/stm32u5xx_it.c:232:6:SysTick_Handler	8	static
